[1,2]<stdout>:ip-172-31-36-36:93127:93127 [2] NCCL INFO Trees [0] 1/-1/-1->2->3|3->2->1/-1/-1 [1] 3/33/-1->2->1|1->2->3/33/-1 [2] 3/-1/-1->2->1|1->2->3/-1/-1 [3] 1/-1/-1->2->3|3->2->1/-1/-1 [4] 1/-1/-1->2->3|3->2->1/-1/-1 [5] 3/-1/-1->2->1|1->2->3/-1/-1 [6] 3/-1/-1->2->1|1->2->3/-1/-1 [7] 1/-1/-1->2->3|3->2->1/-1/-1
[1,3]<stdout>:ip-172-31-36-36:93130:93130 [3] NCCL INFO threadThresholds 8/8/64 | 512/8/64 | 8/8/64
[1,3]<stdout>:ip-172-31-36-36:93130:93130 [3] NCCL INFO Trees [0] 2/32/-1->3->0|0->3->2/32/-1 [1] 0/-1/-1->3->2|2->3->0/-1/-1 [2] 0/-1/-1->3->2|2->3->0/-1/-1 [3] 2/-1/-1->3->0|0->3->2/-1/-1 [4] 2/-1/-1->3->0|0->3->2/-1/-1 [5] 0/-1/-1->3->2|2->3->0/-1/-1 [6] 0/-1/-1->3->2|2->3->0/-1/-1 [7] 2/-1/-1->3->0|0->3->2/-1/-1
[1,4]<stdout>:ip-172-31-36-36:93126:93126 [4] NCCL INFO threadThresholds 8/8/64 | 512/8/64 | 8/8/64
[1,4]<stdout>:ip-172-31-36-36:93126:93126 [4] NCCL INFO Trees [0] -1/-1/-1->4->7|7->4->-1/-1/-1 [1] 7/-1/-1->4->0|0->4->7/-1/-1 [2] 7/-1/-1->4->-1|-1->4->7/-1/-1 [3] 0/-1/-1->4->7|7->4->0/-1/-1 [4] -1/-1/-1->4->7|7->4->-1/-1/-1 [5] 7/-1/-1->4->0|0->4->7/-1/-1 [6] 7/-1/-1->4->63|63->4->7/-1/-1 [7] 0/-1/-1->4->7|7->4->0/-1/-1
[1,5]<stdout>:ip-172-31-36-36:93128:93128 [5] NCCL INFO threadThresholds 8/8/64 | 512/8/64 | 8/8/64
[1,5]<stdout>:ip-172-31-36-36:93128:93128 [5] NCCL INFO Trees [0] 6/-1/-1->5->1|1->5->6/-1/-1 [1] -1/-1/-1->5->6|6->5->-1/-1/-1 [2] 1/-1/-1->5->6|6->5->1/-1/-1 [3] 6/-1/-1->5->-1|-1->5->6/-1/-1 [4] 6/-1/-1->5->1|1->5->6/-1/-1 [5] -1/-1/-1->5->6|6->5->-1/-1/-1 [6] 1/-1/-1->5->6|6->5->1/-1/-1 [7] 6/-1/-1->5->62|62->5->6/-1/-1
[1,6]<stdout>:ip-172-31-36-36:93125:93125 [6] NCCL INFO threadThresholds 8/8/64 | 512/8/64 | 8/8/64
[1,6]<stdout>:ip-172-31-36-36:93125:93125 [6] NCCL INFO Trees [0] 7/-1/-1->6->5|5->6->7/-1/-1 [1] 5/-1/-1->6->7|7->6->5/-1/-1 [2] 5/-1/-1->6->7|7->6->5/-1/-1 [3] 7/37/-1->6->5|5->6->7/37/-1 [4] 7/-1/-1->6->5|5->6->7/-1/-1 [5] 5/-1/-1->6->7|7->6->5/-1/-1 [6] 5/-1/-1->6->7|7->6->5/-1/-1 [7] 7/-1/-1->6->5|5->6->7/-1/-1
[1,7]<stdout>:ip-172-31-36-36:93129:93129 [7] NCCL INFO threadThresholds 8/8/64 | 512/8/64 | 8/8/64
[1,7]<stdout>:ip-172-31-36-36:93129:93129 [7] NCCL INFO Trees [0] 4/-1/-1->7->6|6->7->4/-1/-1 [1] 6/-1/-1->7->4|4->7->6/-1/-1 [2] 6/36/-1->7->4|4->7->6/36/-1 [3] 4/-1/-1->7->6|6->7->4/-1/-1 [4] 4/-1/-1->7->6|6->7->4/-1/-1 [5] 6/-1/-1->7->4|4->7->6/-1/-1 [6] 6/-1/-1->7->4|4->7->6/-1/-1 [7] 4/-1/-1->7->6|6->7->4/-1/-1
[1,9]<stdout>:ip-172-31-37-201:60610:60610 [1] NCCL INFO threadThresholds 8/8/64 | 512/8/64 | 8/8/64
[1,9]<stdout>:ip-172-31-37-201:60610:60610 [1] NCCL INFO Trees [0] 13/-1/-1->9->10|10->9->13/-1/-1 [1] 10/-1/-1->9->18|18->9->10/-1/-1 [2] 10/-1/-1->9->13|13->9->10/-1/-1 [3] -1/-1/-1->9->10|10->9->-1/-1/-1 [4] 13/-1/-1->9->10|10->9->13/-1/-1 [5] 10/-1/-1->9->-1|-1->9->10/-1/-1 [6] 10/-1/-1->9->13|13->9->10/-1/-1 [7] -1/-1/-1->9->10|10->9->-1/-1/-1
[1,8]<stdout>:ip-172-31-37-201:60613:60613 [0] NCCL INFO threadThresholds 8/8/64 | 512/8/64 | 8/8/64
[1,8]<stdout>:ip-172-31-37-201:60613:60613 [0] NCCL INFO Trees [0] 11/-1/-1->8->19|19->8->11/-1/-1 [1] 12/-1/-1->8->11|11->8->12/-1/-1 [2] -1/-1/-1->8->11|11->8->-1/-1/-1 [3] 11/-1/-1->8->12|12->8->11/-1/-1 [4] 11/-1/-1->8->-1|-1->8->11/-1/-1 [5] 12/-1/-1->8->11|11->8->12/-1/-1 [6] -1/-1/-1->8->11|11->8->-1/-1/-1 [7] 11/-1/-1->8->12|12->8->11/-1/-1
[1,10]<stdout>:ip-172-31-37-201:60612:60612 [2] NCCL INFO threadThresholds 8/8/64 | 512/8/64 | 8/8/64
[1,10]<stdout>:ip-172-31-37-201:60612:60612 [2] NCCL INFO Trees [0] 9/-1/-1->10->11|11->10->9/-1/-1 [1] 11/-1/-1->10->9|9->10->11/-1/-1 [2] 11/-1/-1->10->9|9->10->11/-1/-1 [3] 9/-1/-1->10->11|11->10->9/-1/-1 [4] 9/-1/-1->10->11|11->10->9/-1/-1 [5] 11/41/-1->10->9|9->10->11/41/-1 [6] 11/-1/-1->10->9|9->10->11/-1/-1 [7] 9/-1/-1->10->11|11->10->9/-1/-1
[1,11]<stdout>:ip-172-31-37-201:60615:60615 [3] NCCL INFO threadThresholds 8/8/64 | 512/8/64 | 8/8/64
[1,11]<stdout>:ip-172-31-37-201:60615:60615 [3] NCCL INFO Trees [0] 10/-1/-1->11->8|8->11->10/-1/-1 [1] 8/-1/-1->11->10|10->11->8/-1/-1 [2] 8/-1/-1->11->10|10->11->8/-1/-1 [3] 10/-1/-1->11->8|8->11->10/-1/-1 [4] 10/40/-1->11->8|8->11->10/40/-1 [5] 8/-1/-1->11->10|10->11->8/-1/-1 [6] 8/-1/-1->11->10|10->11->8/-1/-1 [7] 10/-1/-1->11->8|8->11->10/-1/-1
[1,12]<stdout>:ip-172-31-37-201:60611:60611 [4] NCCL INFO threadThresholds 8/8/64 | 512/8/64 | 8/8/64
[1,12]<stdout>:ip-172-31-37-201:60611:60611 [4] NCCL INFO Trees [0] -1/-1/-1->12->15|15->12->-1/-1/-1 [1] 15/-1/-1->12->8|8->12->15/-1/-1 [2] 15/-1/-1->12->23|23->12->15/-1/-1 [3] 8/-1/-1->12->15|15->12->8/-1/-1 [4] -1/-1/-1->12->15|15->12->-1/-1/-1 [5] 15/-1/-1->12->8|8->12->15/-1/-1 [6] 15/-1/-1->12->-1|-1->12->15/-1/-1 [7] 8/-1/-1->12->15|15->12->8/-1/-1
[1,13]<stdout>:ip-172-31-37-201:60609:60609 [5] NCCL INFO threadThresholds 8/8/64 | 512/8/64 | 8/8/64
[1,13]<stdout>:ip-172-31-37-201:60609:60609 [5] NCCL INFO Trees [0] 14/-1/-1->13->9|9->13->14/-1/-1 [1] -1/-1/-1->13->14|14->13->-1/-1/-1 [2] 9/-1/-1->13->14|14->13->9/-1/-1 [3] 14/-1/-1->13->22|22->13->14/-1/-1 [4] 14/-1/-1->13->9|9->13->14/-1/-1 [5] -1/-1/-1->13->14|14->13->-1/-1/-1 [6] 9/-1/-1->13->14|14->13->9/-1/-1 [7] 14/-1/-1->13->-1|-1->13->14/-1/-1
[1,14]<stdout>:ip-172-31-37-201:60614:60614 [6] NCCL INFO threadThresholds 8/8/64 | 512/8/64 | 8/8/64
[1,14]<stdout>:ip-172-31-37-201:60614:60614 [6] NCCL INFO Trees [0] 15/-1/-1->14->13|13->14->15/-1/-1 [1] 13/-1/-1->14->15|15->14->13/-1/-1 [2] 13/-1/-1->14->15|15->14->13/-1/-1 [3] 15/-1/-1->14->13|13->14->15/-1/-1 [4] 15/-1/-1->14->13|13->14->15/-1/-1 [5] 13/-1/-1->14->15|15->14->13/-1/-1 [6] 13/-1/-1->14->15|15->14->13/-1/-1 [7] 15/45/-1->14->13|13->14->15/45/-1
[1,15]<stdout>:ip-172-31-37-201:60616:60616 [7] NCCL INFO threadThresholds 8/8/64 | 512/8/64 | 8/8/64
[1,15]<stdout>:ip-172-31-37-201:60616:60616 [7] NCCL INFO Trees [0] 12/-1/-1->15->14|14->15->12/-1/-1 [1] 14/-1/-1->15->12|12->15->14/-1/-1 [2] 14/-1/-1->15->12|12->15->14/-1/-1 [3] 12/-1/-1->15->14|14->15->12/-1/-1 [4] 12/-1/-1->15->14|14->15->12/-1/-1 [5] 14/-1/-1->15->12|12->15->14/-1/-1 [6] 14/44/-1->15->12|12->15->14/44/-1 [7] 12/-1/-1->15->14|14->15->12/-1/-1
[1,33]<stdout>:ip-172-31-32-189:54014:54014 [1] NCCL INFO Ring 00 : 33[170] -> 37[1b0] via P2P/IPC
[1,19]<stdout>:ip-172-31-37-47:52749:52749 [3] NCCL INFO threadThresholds 8/8/64 | 512/8/64 | 8/8/64
[1,19]<stdout>:ip-172-31-37-47:52749:52749 [3] NCCL INFO Trees [0] 18/8/24->19->16|16->19->18/8/24 [1] 16/-1/-1->19->18|18->19->16/-1/-1 [2] 16/-1/-1->19->18|18->19->16/-1/-1 [3] 18/-1/-1->19->16|16->19->18/-1/-1 [4] 18/-1/-1->19->16|16->19->18/-1/-1 [5] 16/-1/-1->19->18|18->19->16/-1/-1 [6] 16/-1/-1->19->18|18->19->16/-1/-1 [7] 18/-1/-1->19->16|16->19->18/-1/-1
[1,17]<stdout>:ip-172-31-37-47:52747:52747 [1] NCCL INFO threadThresholds 8/8/64 | 512/8/64 | 8/8/64
[1,17]<stdout>:ip-172-31-37-47:52747:52747 [1] NCCL INFO Trees [0] 21/-1/-1->17->18|18->17->21/-1/-1 [1] 18/-1/-1->17->34|34->17->18/-1/-1 [2] 18/-1/-1->17->21|21->17->18/-1/-1 [3] -1/-1/-1->17->18|18->17->-1/-1/-1 [4] 21/-1/-1->17->18|18->17->21/-1/-1 [5] 18/-1/-1->17->26|26->17->18/-1/-1 [6] 18/-1/-1->17->21|21->17->18/-1/-1 [7] -1/-1/-1->17->18|18->17->-1/-1/-1
[1,18]<stdout>:ip-172-31-37-47:52750:52750 [2] NCCL INFO threadThresholds 8/8/64 | 512/8/64 | 8/8/64
[1,18]<stdout>:ip-172-31-37-47:52750:52750 [2] NCCL INFO Trees [0] 17/-1/-1->18->19|19->18->17/-1/-1 [1] 19/9/25->18->17|17->18->19/9/25 [2] 19/-1/-1->18->17|17->18->19/-1/-1 [3] 17/-1/-1->18->19|19->18->17/-1/-1 [4] 17/-1/-1->18->19|19->18->17/-1/-1 [5] 19/-1/-1->18->17|17->18->19/-1/-1 [6] 19/-1/-1->18->17|17->18->19/-1/-1 [7] 17/-1/-1->18->19|19->18->17/-1/-1
[1,16]<stdout>:ip-172-31-37-47:52751:52751 [0] NCCL INFO threadThresholds 8/8/64 | 512/8/64 | 8/8/64
[1,16]<stdout>:ip-172-31-37-47:52751:52751 [0] NCCL INFO Trees [0] 19/-1/-1->16->35|35->16->19/-1/-1 [1] 20/-1/-1->16->19|19->16->20/-1/-1 [2] -1/-1/-1->16->19|19->16->-1/-1/-1 [3] 19/-1/-1->16->20|20->16->19/-1/-1 [4] 19/-1/-1->16->27|27->16->19/-1/-1 [5] 20/-1/-1->16->19|19->16->20/-1/-1 [6] -1/-1/-1->16->19|19->16->-1/-1/-1 [7] 19/-1/-1->16->20|20->16->19/-1/-1
[1,20]<stdout>:ip-172-31-37-47:52745:52745 [4] NCCL INFO threadThresholds 8/8/64 | 512/8/64 | 8/8/64
[1,20]<stdout>:ip-172-31-37-47:52745:52745 [4] NCCL INFO Trees [0] -1/-1/-1->20->23|23->20->-1/-1/-1 [1] 23/-1/-1->20->16|16->20->23/-1/-1 [2] 23/-1/-1->20->39|39->20->23/-1/-1 [3] 16/-1/-1->20->23|23->20->16/-1/-1 [4] -1/-1/-1->20->23|23->20->-1/-1/-1 [5] 23/-1/-1->20->16|16->20->23/-1/-1 [6] 23/-1/-1->20->31|31->20->23/-1/-1 [7] 16/-1/-1->20->23|23->20->16/-1/-1
[1,21]<stdout>:ip-172-31-37-47:52748:52748 [5] NCCL INFO threadThresholds 8/8/64 | 512/8/64 | 8/8/64
[1,21]<stdout>:ip-172-31-37-47:52748:52748 [5] NCCL INFO Trees [0] 22/-1/-1->21->17|17->21->22/-1/-1 [1] -1/-1/-1->21->22|22->21->-1/-1/-1 [2] 17/-1/-1->21->22|22->21->17/-1/-1 [3] 22/-1/-1->21->38|38->21->22/-1/-1 [4] 22/-1/-1->21->17|17->21->22/-1/-1 [5] -1/-1/-1->21->22|22->21->-1/-1/-1 [6] 17/-1/-1->21->22|22->21->17/-1/-1 [7] 22/-1/-1->21->30|30->21->22/-1/-1
[1,23]<stdout>:ip-172-31-37-47:52752:52752 [7] NCCL INFO threadThresholds 8/8/64 | 512/8/64 | 8/8/64
[1,23]<stdout>:ip-172-31-37-47:52752:52752 [7] NCCL INFO Trees [0] 20/-1/-1->23->22|22->23->20/-1/-1 [1] 22/-1/-1->23->20|20->23->22/-1/-1 [2] 22/12/28->23->20|20->23->22/12/28 [3] 20/-1/-1->23->22|22->23->20/-1/-1 [4] 20/-1/-1->23->22|22->23->20/-1/-1 [5] 22/-1/-1->23->20|20->23->22/-1/-1 [6] 22/-1/-1->23->20|20->23->22/-1/-1 [7] 20/-1/-1->23->22|22->23->20/-1/-1
[1,22]<stdout>:ip-172-31-37-47:52746:52746 [6] NCCL INFO threadThresholds 8/8/64 | 512/8/64 | 8/8/64
[1,22]<stdout>:ip-172-31-37-47:52746:52746 [6] NCCL INFO Trees [0] 23/-1/-1->22->21|21->22->23/-1/-1 [1] 21/-1/-1->22->23|23->22->21/-1/-1 [2] 21/-1/-1->22->23|23->22->21/-1/-1 [3] 23/13/29->22->21|21->22->23/13/29 [4] 23/-1/-1->22->21|21->22->23/-1/-1 [5] 21/-1/-1->22->23|23->22->21/-1/-1 [6] 21/-1/-1->22->23|23->22->21/-1/-1 [7] 23/-1/-1->22->21|21->22->23/-1/-1
[1,24]<stdout>:ip-172-31-40-91:48666:48666 [0] NCCL INFO threadThresholds 8/8/64 | 512/8/64 | 8/8/64
[1,24]<stdout>:ip-172-31-40-91:48666:48666 [0] NCCL INFO Trees [0] 27/-1/-1->24->19|19->24->27/-1/-1 [1] 28/-1/-1->24->27|27->24->28/-1/-1 [2] -1/-1/-1->24->27|27->24->-1/-1/-1 [3] 27/-1/-1->24->28|28->24->27/-1/-1 [4] 27/-1/-1->24->43|43->24->27/-1/-1 [5] 28/-1/-1->24->27|27->24->28/-1/-1 [6] -1/-1/-1->24->27|27->24->-1/-1/-1 [7] 27/-1/-1->24->28|28->24->27/-1/-1
[1,26]<stdout>:ip-172-31-40-91:48669:48669 [2] NCCL INFO threadThresholds 8/8/64 | 512/8/64 | 8/8/64
[1,26]<stdout>:ip-172-31-40-91:48669:48669 [2] NCCL INFO Trees [0] 25/-1/-1->26->27|27->26->25/-1/-1 [1] 27/-1/-1->26->25|25->26->27/-1/-1 [2] 27/-1/-1->26->25|25->26->27/-1/-1 [3] 25/-1/-1->26->27|27->26->25/-1/-1 [4] 25/-1/-1->26->27|27->26->25/-1/-1 [5] 27/17/33->26->25|25->26->27/17/33 [6] 27/-1/-1->26->25|25->26->27/-1/-1 [7] 25/-1/-1->26->27|27->26->25/-1/-1
[1,27]<stdout>:ip-172-31-40-91:48668:48668 [3] NCCL INFO threadThresholds 8/8/64 | 512/8/64 | 8/8/64
[1,27]<stdout>:ip-172-31-40-91:48668:48668 [3] NCCL INFO Trees [0] 26/-1/-1->27->24|24->27->26/-1/-1 [1] 24/-1/-1->27->26|26->27->24/-1/-1 [2] 24/-1/-1->27->26|26->27->24/-1/-1 [3] 26/-1/-1->27->24|24->27->26/-1/-1 [4] 26/16/32->27->24|24->27->26/16/32 [5] 24/-1/-1->27->26|26->27->24/-1/-1 [6] 24/-1/-1->27->26|26->27->24/-1/-1 [7] 26/-1/-1->27->24|24->27->26/-1/-1
[1,25]<stdout>:ip-172-31-40-91:48672:48672 [1] NCCL INFO threadThresholds 8/8/64 | 512/8/64 | 8/8/64
[1,25]<stdout>:ip-172-31-40-91:48672:48672 [1] NCCL INFO Trees [0] 29/-1/-1->25->26|26->25->29/-1/-1 [1] 26/-1/-1->25->18|18->25->26/-1/-1 [2] 26/-1/-1->25->29|29->25->26/-1/-1 [3] -1/-1/-1->25->26|26->25->-1/-1/-1 [4] 29/-1/-1->25->26|26->25->29/-1/-1 [5] 26/-1/-1->25->42|42->25->26/-1/-1 [6] 26/-1/-1->25->29|29->25->26/-1/-1 [7] -1/-1/-1->25->26|26->25->-1/-1/-1
[1,34]<stdout>:ip-172-31-32-189:54009:54009 [2] NCCL INFO Ring 00 : 34[180] -> 33[170] via P2P/IPC
[1,35]<stdout>:ip-172-31-32-189:54012:54012 [3] NCCL INFO Ring 00 : 35[190] -> 34[180] via P2P/IPC
[1,41]<stdout>:ip-172-31-44-28:52586:52586 [1] NCCL INFO Ring 00 : 41[170] -> 45[1b0] via P2P/IPC
[1,37]<stdout>:ip-172-31-32-189:54013:54013 [5] NCCL INFO Ring 00 : 37[1b0] -> 38[1c0] via P2P/IPC
[1,50]<stdout>:ip-172-31-43-235:53059:53059 [2] NCCL INFO Ring 00 : 50[180] -> 49[170] via P2P/IPC
[1,38]<stdout>:ip-172-31-32-189:54008:54008 [6] NCCL INFO Ring 00 : 38[1c0] -> 39[1d0] via P2P/IPC
[1,39]<stdout>:ip-172-31-32-189:54011:54011 [7] NCCL INFO Ring 00 : 39[1d0] -> 36[1a0] via P2P/IPC
[1,49]<stdout>:ip-172-31-43-235:53055:53055 [1] NCCL INFO Ring 00 : 49[170] -> 53[1b0] via P2P/IPC
[1,42]<stdout>:ip-172-31-44-28:52588:52588 [2] NCCL INFO Ring 00 : 42[180] -> 41[170] via P2P/IPC
[1,58]<stdout>:ip-172-31-33-2:52642:52642 [2] NCCL INFO Ring 00 : 58[180] -> 57[170] via P2P/IPC
[1,43]<stdout>:ip-172-31-44-28:52587:52587 [3] NCCL INFO Ring 00 : 43[190] -> 42[180] via P2P/IPC
[1,30]<stdout>:ip-172-31-40-91:48665:48665 [6] NCCL INFO Ring 00 : 30[1c0] -> 29[1b0] via P2P/IPC
[1,1]<stdout>:ip-172-31-36-36:93131:93131 [1] NCCL INFO Ring 00 : 1[170] -> 5[1b0] via P2P/IPC
[1,31]<stdout>:ip-172-31-40-91:48667:48667 [7] NCCL INFO Ring 00 : 31[1d0] -> 30[1c0] via P2P/IPC
[1,28]<stdout>:ip-172-31-40-91:48671:48671 [4] NCCL INFO Ring 00 : 28[1a0] -> 32[160] [send] via NET/AWS Libfabric/0
[1,45]<stdout>:ip-172-31-44-28:52591:52591 [5] NCCL INFO Ring 00 : 45[1b0] -> 46[1c0] via P2P/IPC
[1,57]<stdout>:ip-172-31-33-2:52646:52646 [1] NCCL INFO Ring 00 : 57[170] -> 61[1b0] via P2P/IPC
[1,51]<stdout>:ip-172-31-43-235:53062:53062 [3] NCCL INFO Ring 00 : 51[190] -> 50[180] via P2P/IPC
[1,59]<stdout>:ip-172-31-33-2:52645:52645 [3] NCCL INFO Ring 00 : 59[190] -> 58[180] via P2P/IPC
[1,46]<stdout>:ip-172-31-44-28:52592:52592 [6] NCCL INFO Ring 00 : 46[1c0] -> 47[1d0] via P2P/IPC
[1,54]<stdout>:ip-172-31-43-235:53061:53061 [6] NCCL INFO Ring 00 : 54[1c0] -> 55[1d0] via P2P/IPC
[1,61]<stdout>:ip-172-31-33-2:52643:52643 [5] NCCL INFO Ring 00 : 61[1b0] -> 62[1c0] via P2P/IPC
[1,47]<stdout>:ip-172-31-44-28:52593:52593 [7] NCCL INFO Ring 00 : 47[1d0] -> 44[1a0] via P2P/IPC
[1,55]<stdout>:ip-172-31-43-235:53058:53058 [7] NCCL INFO Ring 00 : 55[1d0] -> 52[1a0] via P2P/IPC
[1,53]<stdout>:ip-172-31-43-235:53057:53057 [5] NCCL INFO Ring 00 : 53[1b0] -> 54[1c0] via P2P/IPC
[1,32]<stdout>:ip-172-31-32-189:54015:54015 [0] NCCL INFO Ring 00 : 28[1a0] -> 32[160] [receive] via NET/AWS Libfabric/0
[1,40]<stdout>:ip-172-31-44-28:52590:52590 [0] NCCL INFO Ring 00 : 36[1a0] -> 40[160] [receive] via NET/AWS Libfabric/0
[1,2]<stdout>:ip-172-31-36-36:93127:93127 [2] NCCL INFO Ring 00 : 2[180] -> 1[170] via P2P/IPC
[1,62]<stdout>:ip-172-31-33-2:52641:52641 [6] NCCL INFO Ring 00 : 62[1c0] -> 63[1d0] via P2P/IPC
[1,9]<stdout>:ip-172-31-37-201:60610:60610 [1] NCCL INFO Ring 00 : 9[170] -> 13[1b0] via P2P/IPC
[1,17]<stdout>:ip-172-31-37-47:52747:52747 [1] NCCL INFO Ring 00 : 17[170] -> 21[1b0] via P2P/IPC
[1,3]<stdout>:ip-172-31-36-36:93130:93130 [3] NCCL INFO Ring 00 : 3[190] -> 2[180] via P2P/IPC
[1,10]<stdout>:ip-172-31-37-201:60612:60612 [2] NCCL INFO Ring 00 : 10[180] -> 9[170] via P2P/IPC
[1,63]<stdout>:ip-172-31-33-2:52644:52644 [7] NCCL INFO Ring 00 : 63[1d0] -> 60[1a0] via P2P/IPC
[1,27]<stdout>:ip-172-31-40-91:48668:48668 [3] NCCL INFO Ring 00 : 27[190] -> 26[180] via P2P/IPC
[1,5]<stdout>:ip-172-31-36-36:93128:93128 [5] NCCL INFO Ring 00 : 5[1b0] -> 6[1c0] via P2P/IPC
[1,48]<stdout>:ip-172-31-43-235:53056:53056 [0] NCCL INFO Ring 00 : 44[1a0] -> 48[160] [receive] via NET/AWS Libfabric/0
[1,25]<stdout>:ip-172-31-40-91:48672:48672 [1] NCCL INFO Ring 00 : 25[170] -> 29[1b0] via P2P/IPC
[1,26]<stdout>:ip-172-31-40-91:48669:48669 [2] NCCL INFO Ring 00 : 26[180] -> 25[170] via P2P/IPC
[1,11]<stdout>:ip-172-31-37-201:60615:60615 [3] NCCL INFO Ring 00 : 11[190] -> 10[180] via P2P/IPC
[1,19]<stdout>:ip-172-31-37-47:52749:52749 [3] NCCL INFO Ring 00 : 19[190] -> 18[180] via P2P/IPC
[1,6]<stdout>:ip-172-31-36-36:93125:93125 [6] NCCL INFO Ring 00 : 6[1c0] -> 7[1d0] via P2P/IPC
[1,7]<stdout>:ip-172-31-36-36:93129:93129 [7] NCCL INFO Ring 00 : 7[1d0] -> 4[1a0] via P2P/IPC
[1,18]<stdout>:ip-172-31-37-47:52750:52750 [2] NCCL INFO Ring 00 : 18[180] -> 17[170] via P2P/IPC
[1,13]<stdout>:ip-172-31-37-201:60609:60609 [5] NCCL INFO Ring 00 : 13[1b0] -> 14[1c0] via P2P/IPC
[1,14]<stdout>:ip-172-31-37-201:60614:60614 [6] NCCL INFO Ring 00 : 14[1c0] -> 15[1d0] via P2P/IPC
[1,56]<stdout>:ip-172-31-33-2:52640:52640 [0] NCCL INFO Ring 00 : 52[1a0] -> 56[160] [receive] via NET/AWS Libfabric/0
[1,15]<stdout>:ip-172-31-37-201:60616:60616 [7] NCCL INFO Ring 00 : 15[1d0] -> 12[1a0] via P2P/IPC
[1,21]<stdout>:ip-172-31-37-47:52748:52748 [5] NCCL INFO Ring 00 : 21[1b0] -> 22[1c0] via P2P/IPC
[1,23]<stdout>:ip-172-31-37-47:52752:52752 [7] NCCL INFO Ring 00 : 23[1d0] -> 20[1a0] via P2P/IPC
[1,0]<stdout>:ip-172-31-36-36:93124:93124 [0] NCCL INFO Ring 00 : 60[1a0] -> 0[160] [receive] via NET/AWS Libfabric/0
[1,8]<stdout>:ip-172-31-37-201:60613:60613 [0] NCCL INFO Ring 00 : 4[1a0] -> 8[160] [receive] via NET/AWS Libfabric/0
[1,22]<stdout>:ip-172-31-37-47:52746:52746 [6] NCCL INFO Ring 00 : 22[1c0] -> 23[1d0] via P2P/IPC
[1,24]<stdout>:ip-172-31-40-91:48666:48666 [0] NCCL INFO Ring 00 : 20[1a0] -> 24[160] [receive] via NET/AWS Libfabric/0
[1,36]<stdout>:ip-172-31-32-189:54010:54010 [4] NCCL INFO Ring 00 : 36[1a0] -> 40[160] [send] via NET/AWS Libfabric/0
[1,16]<stdout>:ip-172-31-37-47:52751:52751 [0] NCCL INFO Ring 00 : 12[1a0] -> 16[160] [receive] via NET/AWS Libfabric/0
[1,52]<stdout>:ip-172-31-43-235:53060:53060 [4] NCCL INFO Ring 00 : 52[1a0] -> 56[160] [send] via NET/AWS Libfabric/0
[1,44]<stdout>:ip-172-31-44-28:52589:52589 [4] NCCL INFO Ring 00 : 44[1a0] -> 48[160] [send] via NET/AWS Libfabric/0
[1,60]<stdout>:ip-172-31-33-2:52639:52639 [4] NCCL INFO Ring 00 : 60[1a0] -> 0[160] [send] via NET/AWS Libfabric/0
[1,33]<stdout>:ip-172-31-32-189:54014:54014 [1] NCCL INFO Ring 00 : 33[170] -> 34[180] via P2P/IPC
[1,29]<stdout>:ip-172-31-40-91:48670:48670 [5] NCCL INFO Ring 00 : 29[1b0] -> 25[170] via P2P/IPC
[1,34]<stdout>:ip-172-31-32-189:54009:54009 [2] NCCL INFO Ring 00 : 34[180] -> 35[190] via P2P/IPC
[1,25]<stdout>:ip-172-31-40-91:48672:48672 [1] NCCL INFO Ring 00 : 25[170] -> 26[180] via P2P/IPC
[1,4]<stdout>:ip-172-31-36-36:93126:93126 [4] NCCL INFO Ring 00 : 4[1a0] -> 8[160] [send] via NET/AWS Libfabric/0
[1,37]<stdout>:ip-172-31-32-189:54013:54013 [5] NCCL INFO Ring 00 : 37[1b0] -> 33[170] via P2P/IPC
[1,26]<stdout>:ip-172-31-40-91:48669:48669 [2] NCCL INFO Ring 00 : 26[180] -> 27[190] via P2P/IPC
[1,38]<stdout>:ip-172-31-32-189:54008:54008 [6] NCCL INFO Ring 00 : 38[1c0] -> 37[1b0] via P2P/IPC
[1,39]<stdout>:ip-172-31-32-189:54011:54011 [7] NCCL INFO Ring 00 : 39[1d0] -> 38[1c0] via P2P/IPC
[1,50]<stdout>:ip-172-31-43-235:53059:53059 [2] NCCL INFO Ring 00 : 50[180] -> 51[190] via P2P/IPC
[1,20]<stdout>:ip-172-31-37-47:52745:52745 [4] NCCL INFO Ring 00 : 20[1a0] -> 24[160] [send] via NET/AWS Libfabric/0
[1,41]<stdout>:ip-172-31-44-28:52586:52586 [1] NCCL INFO Ring 00 : 41[170] -> 42[180] via P2P/IPC
[1,49]<stdout>:ip-172-31-43-235:53055:53055 [1] NCCL INFO Ring 00 : 49[170] -> 50[180] via P2P/IPC
[1,12]<stdout>:ip-172-31-37-201:60611:60611 [4] NCCL INFO Ring 00 : 12[1a0] -> 16[160] [send] via NET/AWS Libfabric/0
[1,58]<stdout>:ip-172-31-33-2:52642:52642 [2] NCCL INFO Ring 00 : 58[180] -> 59[190] via P2P/IPC
[1,42]<stdout>:ip-172-31-44-28:52588:52588 [2] NCCL INFO Ring 00 : 42[180] -> 43[190] via P2P/IPC
[1,54]<stdout>:ip-172-31-43-235:53061:53061 [6] NCCL INFO Ring 00 : 54[1c0] -> 53[1b0] via P2P/IPC
[1,55]<stdout>:ip-172-31-43-235:53058:53058 [7] NCCL INFO Ring 00 : 55[1d0] -> 54[1c0] via P2P/IPC
[1,57]<stdout>:ip-172-31-33-2:52646:52646 [1] NCCL INFO Ring 00 : 57[170] -> 58[180] via P2P/IPC
[1,53]<stdout>:ip-172-31-43-235:53057:53057 [5] NCCL INFO Ring 00 : 53[1b0] -> 49[170] via P2P/IPC
[1,1]<stdout>:ip-172-31-36-36:93131:93131 [1] NCCL INFO Ring 00 : 1[170] -> 2[180] via P2P/IPC
[1,61]<stdout>:ip-172-31-33-2:52643:52643 [5] NCCL INFO Ring 00 : 61[1b0] -> 57[170] via P2P/IPC
[1,45]<stdout>:ip-172-31-44-28:52591:52591 [5] NCCL INFO Ring 00 : 45[1b0] -> 41[170] via P2P/IPC
[1,46]<stdout>:ip-172-31-44-28:52592:52592 [6] NCCL INFO Ring 00 : 46[1c0] -> 45[1b0] via P2P/IPC
[1,47]<stdout>:ip-172-31-44-28:52593:52593 [7] NCCL INFO Ring 00 : 47[1d0] -> 46[1c0] via P2P/IPC
[1,62]<stdout>:ip-172-31-33-2:52641:52641 [6] NCCL INFO Ring 00 : 62[1c0] -> 61[1b0] via P2P/IPC
[1,63]<stdout>:ip-172-31-33-2:52644:52644 [7] NCCL INFO Ring 00 : 63[1d0] -> 62[1c0] via P2P/IPC
[1,2]<stdout>:ip-172-31-36-36:93127:93127 [2] NCCL INFO Ring 00 : 2[180] -> 3[190] via P2P/IPC
[1,5]<stdout>:ip-172-31-36-36:93128:93128 [5] NCCL INFO Ring 00 : 5[1b0] -> 1[170] via P2P/IPC
[1,30]<stdout>:ip-172-31-40-91:48665:48665 [6] NCCL INFO Ring 01 : 30[1c0] -> 29[1b0] via P2P/IPC
[1,6]<stdout>:ip-172-31-36-36:93125:93125 [6] NCCL INFO Ring 00 : 6[1c0] -> 5[1b0] via P2P/IPC
[1,17]<stdout>:ip-172-31-37-47:52747:52747 [1] NCCL INFO Ring 00 : 17[170] -> 18[180] via P2P/IPC
[1,7]<stdout>:ip-172-31-36-36:93129:93129 [7] NCCL INFO Ring 00 : 7[1d0] -> 6[1c0] via P2P/IPC
[1,18]<stdout>:ip-172-31-37-47:52750:52750 [2] NCCL INFO Ring 00 : 18[180] -> 19[190] via P2P/IPC
[1,21]<stdout>:ip-172-31-37-47:52748:52748 [5] NCCL INFO Ring 00 : 21[1b0] -> 17[170] via P2P/IPC
[1,10]<stdout>:ip-172-31-37-201:60612:60612 [2] NCCL INFO Ring 00 : 10[180] -> 11[190] via P2P/IPC
[1,9]<stdout>:ip-172-31-37-201:60610:60610 [1] NCCL INFO Ring 00 : 9[170] -> 10[180] via P2P/IPC
[1,38]<stdout>:ip-172-31-32-189:54008:54008 [6] NCCL INFO Ring 01 : 38[1c0] -> 37[1b0] via P2P/IPC
[1,23]<stdout>:ip-172-31-37-47:52752:52752 [7] NCCL INFO Ring 00 : 23[1d0] -> 22[1c0] via P2P/IPC
[1,22]<stdout>:ip-172-31-37-47:52746:52746 [6] NCCL INFO Ring 00 : 22[1c0] -> 21[1b0] via P2P/IPC
[1,13]<stdout>:ip-172-31-37-201:60609:60609 [5] NCCL INFO Ring 00 : 13[1b0] -> 9[170] via P2P/IPC
[1,14]<stdout>:ip-172-31-37-201:60614:60614 [6] NCCL INFO Ring 00 : 14[1c0] -> 13[1b0] via P2P/IPC
[1,15]<stdout>:ip-172-31-37-201:60616:60616 [7] NCCL INFO Ring 00 : 15[1d0] -> 14[1c0] via P2P/IPC
[1,54]<stdout>:ip-172-31-43-235:53061:53061 [6] NCCL INFO Ring 01 : 54[1c0] -> 53[1b0] via P2P/IPC
[1,62]<stdout>:ip-172-31-33-2:52641:52641 [6] NCCL INFO Ring 01 : 62[1c0] -> 61[1b0] via P2P/IPC
[1,46]<stdout>:ip-172-31-44-28:52592:52592 [6] NCCL INFO Ring 01 : 46[1c0] -> 45[1b0] via P2P/IPC
[1,6]<stdout>:ip-172-31-36-36:93125:93125 [6] NCCL INFO Ring 01 : 6[1c0] -> 5[1b0] via P2P/IPC
[1,25]<stdout>:ip-172-31-40-91:48672:48672 [1] NCCL INFO Ring 01 : 21[1b0] -> 25[170] [receive] via NET/AWS Libfabric/1
[1,33]<stdout>:ip-172-31-32-189:54014:54014 [1] NCCL INFO Ring 01 : 29[1b0] -> 33[170] [receive] via NET/AWS Libfabric/1
[1,29]<stdout>:ip-172-31-40-91:48670:48670 [5] NCCL INFO Ring 01 : 29[1b0] -> 33[170] [send] via NET/AWS Libfabric/1
[1,22]<stdout>:ip-172-31-37-47:52746:52746 [6] NCCL INFO Ring 01 : 22[1c0] -> 21[1b0] via P2P/IPC
[1,14]<stdout>:ip-172-31-37-201:60614:60614 [6] NCCL INFO Ring 01 : 14[1c0] -> 13[1b0] via P2P/IPC
[1,49]<stdout>:ip-172-31-43-235:53055:53055 [1] NCCL INFO Ring 01 : 45[1b0] -> 49[170] [receive] via NET/AWS Libfabric/1
[1,37]<stdout>:ip-172-31-32-189:54013:54013 [5] NCCL INFO Ring 01 : 37[1b0] -> 41[170] [send] via NET/AWS Libfabric/1
[1,41]<stdout>:ip-172-31-44-28:52586:52586 [1] NCCL INFO Ring 01 : 37[1b0] -> 41[170] [receive] via NET/AWS Libfabric/1
[1,1]<stdout>:ip-172-31-36-36:93131:93131 [1] NCCL INFO Ring 01 : 61[1b0] -> 1[170] [receive] via NET/AWS Libfabric/1
[1,57]<stdout>:ip-172-31-33-2:52646:52646 [1] NCCL INFO Ring 01 : 53[1b0] -> 57[170] [receive] via NET/AWS Libfabric/1
[1,53]<stdout>:ip-172-31-43-235:53057:53057 [5] NCCL INFO Ring 01 : 53[1b0] -> 57[170] [send] via NET/AWS Libfabric/1
[1,45]<stdout>:ip-172-31-44-28:52591:52591 [5] NCCL INFO Ring 01 : 45[1b0] -> 49[170] [send] via NET/AWS Libfabric/1
[1,61]<stdout>:ip-172-31-33-2:52643:52643 [5] NCCL INFO Ring 01 : 61[1b0] -> 1[170] [send] via NET/AWS Libfabric/1
[1,17]<stdout>:ip-172-31-37-47:52747:52747 [1] NCCL INFO Ring 01 : 13[1b0] -> 17[170] [receive] via NET/AWS Libfabric/1
[1,5]<stdout>:ip-172-31-36-36:93128:93128 [5] NCCL INFO Ring 01 : 5[1b0] -> 9[170] [send] via NET/AWS Libfabric/1
[1,9]<stdout>:ip-172-31-37-201:60610:60610 [1] NCCL INFO Ring 01 : 5[1b0] -> 9[170] [receive] via NET/AWS Libfabric/1
[1,21]<stdout>:ip-172-31-37-47:52748:52748 [5] NCCL INFO Ring 01 : 21[1b0] -> 25[170] [send] via NET/AWS Libfabric/1
[1,13]<stdout>:ip-172-31-37-201:60609:60609 [5] NCCL INFO Ring 01 : 13[1b0] -> 17[170] [send] via NET/AWS Libfabric/1
[1,32]<stdout>:ip-172-31-32-189:54015:54015 [0] NCCL INFO Ring 00 : 32[160] -> 35[190] via P2P/IPC
[1,40]<stdout>:ip-172-31-44-28:52590:52590 [0] NCCL INFO Ring 00 : 40[160] -> 43[190] via P2P/IPC
[1,56]<stdout>:ip-172-31-33-2:52640:52640 [0] NCCL INFO Ring 00 : 56[160] -> 59[190] via P2P/IPC
[1,48]<stdout>:ip-172-31-43-235:53056:53056 [0] NCCL INFO Ring 00 : 48[160] -> 51[190] via P2P/IPC
[1,43]<stdout>:ip-172-31-44-28:52587:52587 [3] NCCL INFO Ring 00 : 43[190] -> 40[160] via P2P/IPC
[1,24]<stdout>:ip-172-31-40-91:48666:48666 [0] NCCL INFO Ring 00 : 24[160] -> 27[190] via P2P/IPC
[1,34]<stdout>:ip-172-31-32-189:54009:54009 [2] NCCL INFO Ring 01 : 34[180] -> 35[190] via P2P/IPC
[1,0]<stdout>:ip-172-31-36-36:93124:93124 [0] NCCL INFO Ring 00 : 0[160] -> 3[190] via P2P/IPC
[1,59]<stdout>:ip-172-31-33-2:52645:52645 [3] NCCL INFO Ring 00 : 59[190] -> 56[160] via P2P/IPC
[1,16]<stdout>:ip-172-31-37-47:52751:52751 [0] NCCL INFO Ring 00 : 16[160] -> 19[190] via P2P/IPC
[1,42]<stdout>:ip-172-31-44-28:52588:52588 [2] NCCL INFO Ring 01 : 42[180] -> 43[190] via P2P/IPC
[1,27]<stdout>:ip-172-31-40-91:48668:48668 [3] NCCL INFO Ring 00 : 27[190] -> 24[160] via P2P/IPC
[1,58]<stdout>:ip-172-31-33-2:52642:52642 [2] NCCL INFO Ring 01 : 58[180] -> 59[190] via P2P/IPC
[1,50]<stdout>:ip-172-31-43-235:53059:53059 [2] NCCL INFO Ring 01 : 50[180] -> 51[190] via P2P/IPC
[1,35]<stdout>:ip-172-31-32-189:54012:54012 [3] NCCL INFO Ring 00 : 16[160] -> 35[190] [receive] via NET/AWS Libfabric/0
[1,26]<stdout>:ip-172-31-40-91:48669:48669 [2] NCCL INFO Ring 01 : 26[180] -> 27[190] via P2P/IPC
[1,2]<stdout>:ip-172-31-36-36:93127:93127 [2] NCCL INFO Ring 01 : 2[180] -> 3[190] via P2P/IPC
[1,18]<stdout>:ip-172-31-37-47:52750:52750 [2] NCCL INFO Ring 01 : 18[180] -> 19[190] via P2P/IPC
[1,51]<stdout>:ip-172-31-43-235:53062:53062 [3] NCCL INFO Ring 00 : 40[160] -> 51[190] [receive] via NET/AWS Libfabric/0
[1,8]<stdout>:ip-172-31-37-201:60613:60613 [0] NCCL INFO Ring 00 : 8[160] -> 11[190] via P2P/IPC
[1,3]<stdout>:ip-172-31-36-36:93130:93130 [3] NCCL INFO Ring 00 : 32[160] -> 3[190] [receive] via NET/AWS Libfabric/0
[1,19]<stdout>:ip-172-31-37-47:52749:52749 [3] NCCL INFO Ring 00 : 8[160] -> 19[190] [receive] via NET/AWS Libfabric/0
[1,11]<stdout>:ip-172-31-37-201:60615:60615 [3] NCCL INFO Ring 00 : 11[190] -> 8[160] via P2P/IPC
[1,10]<stdout>:ip-172-31-37-201:60612:60612 [2] NCCL INFO Ring 01 : 10[180] -> 11[190] via P2P/IPC
[1,33]<stdout>:ip-172-31-32-189:54014:54014 [1] NCCL INFO Ring 01 : 33[170] -> 34[180] via P2P/IPC
[1,41]<stdout>:ip-172-31-44-28:52586:52586 [1] NCCL INFO Ring 01 : 41[170] -> 42[180] via P2P/IPC
[1,1]<stdout>:ip-172-31-36-36:93131:93131 [1] NCCL INFO Ring 01 : 1[170] -> 2[180] via P2P/IPC
[1,17]<stdout>:ip-172-31-37-47:52747:52747 [1] NCCL INFO Ring 01 : 17[170] -> 18[180] via P2P/IPC
[1,25]<stdout>:ip-172-31-40-91:48672:48672 [1] NCCL INFO Ring 01 : 25[170] -> 26[180] via P2P/IPC
[1,49]<stdout>:ip-172-31-43-235:53055:53055 [1] NCCL INFO Ring 01 : 49[170] -> 50[180] via P2P/IPC
[1,9]<stdout>:ip-172-31-37-201:60610:60610 [1] NCCL INFO Ring 01 : 9[170] -> 10[180] via P2P/IPC
[1,57]<stdout>:ip-172-31-33-2:52646:52646 [1] NCCL INFO Ring 01 : 57[170] -> 58[180] via P2P/IPC
[1,28]<stdout>:ip-172-31-40-91:48671:48671 [4] NCCL INFO Ring 00 : 28[1a0] -> 31[1d0] via P2P/IPC
[1,35]<stdout>:ip-172-31-32-189:54012:54012 [3] NCCL INFO Ring 00 : 48[160] -> 35[190] [receive] via NET/AWS Libfabric/0
[1,3]<stdout>:ip-172-31-36-36:93130:93130 [3] NCCL INFO Ring 00 : 3[190] -> 0[160] via P2P/IPC
[1,36]<stdout>:ip-172-31-32-189:54010:54010 [4] NCCL INFO Ring 00 : 36[1a0] -> 39[1d0] via P2P/IPC
[1,35]<stdout>:ip-172-31-32-189:54012:54012 [3] NCCL INFO Ring 00 : 35[190] -> 32[160] via P2P/IPC
[1,28]<stdout>:ip-172-31-40-91:48671:48671 [4] NCCL INFO Ring 01 : 28[1a0] -> 31[1d0] via P2P/IPC
[1,31]<stdout>:ip-172-31-40-91:48667:48667 [7] NCCL INFO Ring 01 : 31[1d0] -> 30[1c0] via P2P/IPC
[1,60]<stdout>:ip-172-31-33-2:52639:52639 [4] NCCL INFO Ring 00 : 60[1a0] -> 63[1d0] via P2P/IPC
[1,36]<stdout>:ip-172-31-32-189:54010:54010 [4] NCCL INFO Ring 01 : 36[1a0] -> 39[1d0] via P2P/IPC
[1,39]<stdout>:ip-172-31-32-189:54011:54011 [7] NCCL INFO Ring 01 : 39[1d0] -> 38[1c0] via P2P/IPC
[1,60]<stdout>:ip-172-31-33-2:52639:52639 [4] NCCL INFO Ring 01 : 60[1a0] -> 63[1d0] via P2P/IPC
[1,30]<stdout>:ip-172-31-40-91:48665:48665 [6] NCCL INFO Ring 01 : 30[1c0] -> 31[1d0] via P2P/IPC
[1,63]<stdout>:ip-172-31-33-2:52644:52644 [7] NCCL INFO Ring 01 : 63[1d0] -> 62[1c0] via P2P/IPC
[1,31]<stdout>:ip-172-31-40-91:48667:48667 [7] NCCL INFO Ring 01 : 31[1d0] -> 28[1a0] via P2P/IPC
[1,19]<stdout>:ip-172-31-37-47:52749:52749 [3] NCCL INFO Ring 00 : 24[160] -> 19[190] [receive] via NET/AWS Libfabric/0
[1,19]<stdout>:ip-172-31-37-47:52749:52749 [3] NCCL INFO Ring 00 : 19[190] -> 16[160] via P2P/IPC
[1,38]<stdout>:ip-172-31-32-189:54008:54008 [6] NCCL INFO Ring 01 : 38[1c0] -> 39[1d0] via P2P/IPC
[1,39]<stdout>:ip-172-31-32-189:54011:54011 [7] NCCL INFO Ring 01 : 39[1d0] -> 36[1a0] via P2P/IPC
[1,62]<stdout>:ip-172-31-33-2:52641:52641 [6] NCCL INFO Ring 01 : 62[1c0] -> 63[1d0] via P2P/IPC
[1,63]<stdout>:ip-172-31-33-2:52644:52644 [7] NCCL INFO Ring 01 : 63[1d0] -> 60[1a0] via P2P/IPC
[1,44]<stdout>:ip-172-31-44-28:52589:52589 [4] NCCL INFO Ring 00 : 44[1a0] -> 47[1d0] via P2P/IPC
[1,51]<stdout>:ip-172-31-43-235:53062:53062 [3] NCCL INFO Ring 00 : 56[160] -> 51[190] [receive] via NET/AWS Libfabric/0
[1,4]<stdout>:ip-172-31-36-36:93126:93126 [4] NCCL INFO Ring 00 : 4[1a0] -> 7[1d0] via P2P/IPC
[1,20]<stdout>:ip-172-31-37-47:52745:52745 [4] NCCL INFO Ring 00 : 20[1a0] -> 23[1d0] via P2P/IPC
[1,51]<stdout>:ip-172-31-43-235:53062:53062 [3] NCCL INFO Ring 00 : 51[190] -> 48[160] via P2P/IPC
[1,44]<stdout>:ip-172-31-44-28:52589:52589 [4] NCCL INFO Ring 01 : 44[1a0] -> 47[1d0] via P2P/IPC
[1,12]<stdout>:ip-172-31-37-201:60611:60611 [4] NCCL INFO Ring 00 : 12[1a0] -> 15[1d0] via P2P/IPC
[1,47]<stdout>:ip-172-31-44-28:52593:52593 [7] NCCL INFO Ring 01 : 47[1d0] -> 46[1c0] via P2P/IPC
[1,20]<stdout>:ip-172-31-37-47:52745:52745 [4] NCCL INFO Ring 01 : 20[1a0] -> 23[1d0] via P2P/IPC
[1,23]<stdout>:ip-172-31-37-47:52752:52752 [7] NCCL INFO Ring 01 : 23[1d0] -> 22[1c0] via P2P/IPC
[1,4]<stdout>:ip-172-31-36-36:93126:93126 [4] NCCL INFO Ring 01 : 4[1a0] -> 7[1d0] via P2P/IPC
[1,7]<stdout>:ip-172-31-36-36:93129:93129 [7] NCCL INFO Ring 01 : 7[1d0] -> 6[1c0] via P2P/IPC
[1,12]<stdout>:ip-172-31-37-201:60611:60611 [4] NCCL INFO Ring 01 : 12[1a0] -> 15[1d0] via P2P/IPC
[1,32]<stdout>:ip-172-31-32-189:54015:54015 [0] NCCL INFO Ring 00 : 32[160] -> 3[190] [send] via NET/AWS Libfabric/0
[1,15]<stdout>:ip-172-31-37-201:60616:60616 [7] NCCL INFO Ring 01 : 15[1d0] -> 14[1c0] via P2P/IPC
[1,52]<stdout>:ip-172-31-43-235:53060:53060 [4] NCCL INFO Ring 00 : 52[1a0] -> 55[1d0] via P2P/IPC
[1,29]<stdout>:ip-172-31-40-91:48670:48670 [5] NCCL INFO Ring 01 : 29[1b0] -> 30[1c0] via P2P/IPC
[1,22]<stdout>:ip-172-31-37-47:52746:52746 [6] NCCL INFO Ring 01 : 22[1c0] -> 23[1d0] via P2P/IPC
[1,23]<stdout>:ip-172-31-37-47:52752:52752 [7] NCCL INFO Ring 01 : 23[1d0] -> 20[1a0] via P2P/IPC
[1,46]<stdout>:ip-172-31-44-28:52592:52592 [6] NCCL INFO Ring 01 : 46[1c0] -> 47[1d0] via P2P/IPC
[1,43]<stdout>:ip-172-31-44-28:52587:52587 [3] NCCL INFO Ring 01 : 43[190] -> 40[160] via P2P/IPC
[1,55]<stdout>:ip-172-31-43-235:53058:53058 [7] NCCL INFO Ring 01 : 55[1d0] -> 54[1c0] via P2P/IPC
[1,47]<stdout>:ip-172-31-44-28:52593:52593 [7] NCCL INFO Ring 01 : 47[1d0] -> 44[1a0] via P2P/IPC
[1,40]<stdout>:ip-172-31-44-28:52590:52590 [0] NCCL INFO Ring 00 : 40[160] -> 51[190] [send] via NET/AWS Libfabric/0
[1,29]<stdout>:ip-172-31-40-91:48670:48670 [5] NCCL INFO Ring 02 : 29[1b0] -> 30[1c0] via P2P/IPC
[1,52]<stdout>:ip-172-31-43-235:53060:53060 [4] NCCL INFO Ring 01 : 52[1a0] -> 55[1d0] via P2P/IPC
[1,14]<stdout>:ip-172-31-37-201:60614:60614 [6] NCCL INFO Ring 01 : 14[1c0] -> 15[1d0] via P2P/IPC
[1,13]<stdout>:ip-172-31-37-201:60609:60609 [5] NCCL INFO Ring 01 : 13[1b0] -> 14[1c0] via P2P/IPC
[1,15]<stdout>:ip-172-31-37-201:60616:60616 [7] NCCL INFO Ring 01 : 15[1d0] -> 12[1a0] via P2P/IPC
[1,0]<stdout>:ip-172-31-36-36:93124:93124 [0] NCCL INFO Ring 01 : 0[160] -> 4[1a0] via P2P/IPC
[1,42]<stdout>:ip-172-31-44-28:52588:52588 [2] NCCL INFO Ring 01 : 42[180] -> 41[170] via P2P/IPC
[1,6]<stdout>:ip-172-31-36-36:93125:93125 [6] NCCL INFO Ring 01 : 6[1c0] -> 7[1d0] via P2P/IPC
[1,21]<stdout>:ip-172-31-37-47:52748:52748 [5] NCCL INFO Ring 01 : 21[1b0] -> 22[1c0] via P2P/IPC
[1,7]<stdout>:ip-172-31-36-36:93129:93129 [7] NCCL INFO Ring 01 : 7[1d0] -> 4[1a0] via P2P/IPC
[1,54]<stdout>:ip-172-31-43-235:53061:53061 [6] NCCL INFO Ring 01 : 54[1c0] -> 55[1d0] via P2P/IPC
[1,55]<stdout>:ip-172-31-43-235:53058:53058 [7] NCCL INFO Ring 01 : 55[1d0] -> 52[1a0] via P2P/IPC
[1,13]<stdout>:ip-172-31-37-201:60609:60609 [5] NCCL INFO Ring 02 : 13[1b0] -> 14[1c0] via P2P/IPC
[1,4]<stdout>:ip-172-31-36-36:93126:93126 [4] NCCL INFO Ring 01 : 4[1a0] -> 0[160] via P2P/IPC
[1,32]<stdout>:ip-172-31-32-189:54015:54015 [0] NCCL INFO Ring 00 : 3[190] -> 32[160] [receive] via NET/AWS Libfabric/0
[1,61]<stdout>:ip-172-31-33-2:52643:52643 [5] NCCL INFO Ring 01 : 61[1b0] -> 62[1c0] via P2P/IPC
[1,27]<stdout>:ip-172-31-40-91:48668:48668 [3] NCCL INFO Ring 01 : 27[190] -> 24[160] via P2P/IPC
[1,30]<stdout>:ip-172-31-40-91:48665:48665 [6] NCCL INFO Ring 02 : 30[1c0] -> 34[180] [send] via NET/AWS Libfabric/2
[1,37]<stdout>:ip-172-31-32-189:54013:54013 [5] NCCL INFO Ring 01 : 37[1b0] -> 38[1c0] via P2P/IPC
[1,7]<stdout>:ip-172-31-36-36:93129:93129 [7] NCCL INFO Ring 02 : 7[1d0] -> 4[1a0] via P2P/IPC
[1,21]<stdout>:ip-172-31-37-47:52748:52748 [5] NCCL INFO Ring 02 : 21[1b0] -> 22[1c0] via P2P/IPC
[1,11]<stdout>:ip-172-31-37-201:60615:60615 [3] NCCL INFO Ring 01 : 11[190] -> 8[160] via P2P/IPC
[1,26]<stdout>:ip-172-31-40-91:48669:48669 [2] NCCL INFO Ring 01 : 26[180] -> 25[170] via P2P/IPC
[1,24]<stdout>:ip-172-31-40-91:48666:48666 [0] NCCL INFO Ring 00 : 24[160] -> 19[190] [send] via NET/AWS Libfabric/0
[1,40]<stdout>:ip-172-31-44-28:52590:52590 [0] NCCL INFO Ring 00 : 51[190] -> 40[160] [receive] via NET/AWS Libfabric/0
[1,37]<stdout>:ip-172-31-32-189:54013:54013 [5] NCCL INFO Ring 02 : 37[1b0] -> 38[1c0] via P2P/IPC
[1,10]<stdout>:ip-172-31-37-201:60612:60612 [2] NCCL INFO Ring 01 : 10[180] -> 9[170] via P2P/IPC
[1,61]<stdout>:ip-172-31-33-2:52643:52643 [5] NCCL INFO Ring 02 : 61[1b0] -> 62[1c0] via P2P/IPC
[1,8]<stdout>:ip-172-31-37-201:60613:60613 [0] NCCL INFO Ring 00 : 8[160] -> 19[190] [send] via NET/AWS Libfabric/0
[1,14]<stdout>:ip-172-31-37-201:60614:60614 [6] NCCL INFO Ring 02 : 14[1c0] -> 18[180] [send] via NET/AWS Libfabric/2
[1,48]<stdout>:ip-172-31-43-235:53056:53056 [0] NCCL INFO Ring 00 : 48[160] -> 35[190] [send] via NET/AWS Libfabric/0
[1,16]<stdout>:ip-172-31-37-47:52751:52751 [0] NCCL INFO Ring 00 : 16[160] -> 35[190] [send] via NET/AWS Libfabric/0
[1,59]<stdout>:ip-172-31-33-2:52645:52645 [3] NCCL INFO Ring 01 : 59[190] -> 56[160] via P2P/IPC
[1,22]<stdout>:ip-172-31-37-47:52746:52746 [6] NCCL INFO Ring 02 : 22[1c0] -> 26[180] [send] via NET/AWS Libfabric/2
[1,45]<stdout>:ip-172-31-44-28:52591:52591 [5] NCCL INFO Ring 01 : 45[1b0] -> 46[1c0] via P2P/IPC
[1,58]<stdout>:ip-172-31-33-2:52642:52642 [2] NCCL INFO Ring 01 : 58[180] -> 57[170] via P2P/IPC
[1,62]<stdout>:ip-172-31-33-2:52641:52641 [6] NCCL INFO Ring 02 : 62[1c0] -> 2[180] [send] via NET/AWS Libfabric/2
[1,56]<stdout>:ip-172-31-33-2:52640:52640 [0] NCCL INFO Ring 00 : 56[160] -> 51[190] [send] via NET/AWS Libfabric/0
[1,45]<stdout>:ip-172-31-44-28:52591:52591 [5] NCCL INFO Ring 02 : 45[1b0] -> 46[1c0] via P2P/IPC
[1,38]<stdout>:ip-172-31-32-189:54008:54008 [6] NCCL INFO Ring 02 : 38[1c0] -> 42[180] [send] via NET/AWS Libfabric/2
[1,33]<stdout>:ip-172-31-32-189:54014:54014 [1] NCCL INFO Ring 01 : 33[170] -> 2[180] [send] via NET/AWS Libfabric/1
[1,5]<stdout>:ip-172-31-36-36:93128:93128 [5] NCCL INFO Ring 01 : 5[1b0] -> 6[1c0] via P2P/IPC
[1,24]<stdout>:ip-172-31-40-91:48666:48666 [0] NCCL INFO Ring 00 : 19[190] -> 24[160] [receive] via NET/AWS Libfabric/0
[1,17]<stdout>:ip-172-31-37-47:52747:52747 [1] NCCL INFO Ring 01 : 17[170] -> 34[180] [send] via NET/AWS Libfabric/1
[1,8]<stdout>:ip-172-31-37-201:60613:60613 [0] NCCL INFO Ring 00 : 19[190] -> 8[160] [receive] via NET/AWS Libfabric/0
[1,25]<stdout>:ip-172-31-40-91:48672:48672 [1] NCCL INFO Ring 01 : 25[170] -> 18[180] [send] via NET/AWS Libfabric/1
[1,48]<stdout>:ip-172-31-43-235:53056:53056 [0] NCCL INFO Ring 00 : 35[190] -> 48[160] [receive] via NET/AWS Libfabric/0
[1,46]<stdout>:ip-172-31-44-28:52592:52592 [6] NCCL INFO Ring 02 : 46[1c0] -> 50[180] [send] via NET/AWS Libfabric/2
[1,3]<stdout>:ip-172-31-36-36:93130:93130 [3] NCCL INFO Ring 00 : 3[190] -> 32[160] [send] via NET/AWS Libfabric/0
[1,5]<stdout>:ip-172-31-36-36:93128:93128 [5] NCCL INFO Ring 02 : 5[1b0] -> 6[1c0] via P2P/IPC
[1,16]<stdout>:ip-172-31-37-47:52751:52751 [0] NCCL INFO Ring 00 : 35[190] -> 16[160] [receive] via NET/AWS Libfabric/0
[1,41]<stdout>:ip-172-31-44-28:52586:52586 [1] NCCL INFO Ring 01 : 41[170] -> 50[180] [send] via NET/AWS Libfabric/1
[1,56]<stdout>:ip-172-31-33-2:52640:52640 [0] NCCL INFO Ring 00 : 51[190] -> 56[160] [receive] via NET/AWS Libfabric/0
[1,53]<stdout>:ip-172-31-43-235:53057:53057 [5] NCCL INFO Ring 01 : 53[1b0] -> 54[1c0] via P2P/IPC
[1,32]<stdout>:ip-172-31-32-189:54015:54015 [0] NCCL INFO Ring 01 : 32[160] -> 36[1a0] via P2P/IPC
[1,3]<stdout>:ip-172-31-36-36:93130:93130 [3] NCCL INFO Ring 01 : 3[190] -> 0[160] via P2P/IPC
[1,36]<stdout>:ip-172-31-32-189:54010:54010 [4] NCCL INFO Ring 01 : 36[1a0] -> 32[160] via P2P/IPC
[1,53]<stdout>:ip-172-31-43-235:53057:53057 [5] NCCL INFO Ring 02 : 53[1b0] -> 54[1c0] via P2P/IPC
[1,6]<stdout>:ip-172-31-36-36:93125:93125 [6] NCCL INFO Ring 02 : 6[1c0] -> 10[180] [send] via NET/AWS Libfabric/2
[1,39]<stdout>:ip-172-31-32-189:54011:54011 [7] NCCL INFO Ring 02 : 39[1d0] -> 36[1a0] via P2P/IPC
[1,49]<stdout>:ip-172-31-43-235:53055:53055 [1] NCCL INFO Ring 01 : 49[170] -> 34[180] [send] via NET/AWS Libfabric/1
[1,0]<stdout>:ip-172-31-36-36:93124:93124 [0] NCCL INFO Ring 01 : 0[160] -> 3[190] via P2P/IPC
[1,3]<stdout>:ip-172-31-36-36:93130:93130 [3] NCCL INFO Ring 01 : 3[190] -> 2[180] via P2P/IPC
[1,54]<stdout>:ip-172-31-43-235:53061:53061 [6] NCCL INFO Ring 02 : 54[1c0] -> 58[180] [send] via NET/AWS Libfabric/2
[1,9]<stdout>:ip-172-31-37-201:60610:60610 [1] NCCL INFO Ring 01 : 9[170] -> 18[180] [send] via NET/AWS Libfabric/1
[1,4]<stdout>:ip-172-31-36-36:93126:93126 [4] NCCL INFO Ring 02 : 4[1a0] -> 0[160] via P2P/IPC
[1,2]<stdout>:ip-172-31-36-36:93127:93127 [2] NCCL INFO Ring 01 : 33[170] -> 2[180] [receive] via NET/AWS Libfabric/1
[1,0]<stdout>:ip-172-31-36-36:93124:93124 [0] NCCL INFO Ring 02 : 0[160] -> 1[170] via P2P/IPC
[1,3]<stdout>:ip-172-31-36-36:93130:93130 [3] NCCL INFO Ring 02 : 3[190] -> 7[1d0] via P2P/IPC
[1,4]<stdout>:ip-172-31-36-36:93126:93126 [4] NCCL INFO Ring 02 : 4[1a0] -> 7[1d0] via P2P/IPC
[1,57]<stdout>:ip-172-31-33-2:52646:52646 [1] NCCL INFO Ring 01 : 57[170] -> 50[180] [send] via NET/AWS Libfabric/1
[1,7]<stdout>:ip-172-31-36-36:93129:93129 [7] NCCL INFO Ring 02 : 36[1a0] -> 7[1d0] [receive] via NET/AWS Libfabric/2
[1,19]<stdout>:ip-172-31-37-47:52749:52749 [3] NCCL INFO Ring 00 : 19[190] -> 8[160] [send] via NET/AWS Libfabric/0
[1,51]<stdout>:ip-172-31-43-235:53062:53062 [3] NCCL INFO Ring 00 : 51[190] -> 40[160] [send] via NET/AWS Libfabric/0
[1,35]<stdout>:ip-172-31-32-189:54012:54012 [3] NCCL INFO Ring 00 : 35[190] -> 16[160] [send] via NET/AWS Libfabric/0
[1,19]<stdout>:ip-172-31-37-47:52749:52749 [3] NCCL INFO Ring 00 : 19[190] -> 24[160] [send] via NET/AWS Libfabric/0
[1,51]<stdout>:ip-172-31-43-235:53062:53062 [3] NCCL INFO Ring 00 : 51[190] -> 56[160] [send] via NET/AWS Libfabric/0
[1,2]<stdout>:ip-172-31-36-36:93127:93127 [2] NCCL INFO Ring 01 : 2[180] -> 1[170] via P2P/IPC
[1,35]<stdout>:ip-172-31-32-189:54012:54012 [3] NCCL INFO Ring 00 : 35[190] -> 48[160] [send] via NET/AWS Libfabric/0
[1,24]<stdout>:ip-172-31-40-91:48666:48666 [0] NCCL INFO Ring 01 : 24[160] -> 28[1a0] via P2P/IPC
[1,8]<stdout>:ip-172-31-37-201:60613:60613 [0] NCCL INFO Ring 01 : 8[160] -> 12[1a0] via P2P/IPC
[1,51]<stdout>:ip-172-31-43-235:53062:53062 [3] NCCL INFO Ring 01 : 51[190] -> 48[160] via P2P/IPC
[1,56]<stdout>:ip-172-31-33-2:52640:52640 [0] NCCL INFO Ring 01 : 56[160] -> 60[1a0] via P2P/IPC
[1,19]<stdout>:ip-172-31-37-47:52749:52749 [3] NCCL INFO Ring 01 : 19[190] -> 16[160] via P2P/IPC
[1,40]<stdout>:ip-172-31-44-28:52590:52590 [0] NCCL INFO Ring 01 : 40[160] -> 44[1a0] via P2P/IPC
[1,1]<stdout>:ip-172-31-36-36:93131:93131 [1] NCCL INFO Ring 02 : 1[170] -> 5[1b0] via P2P/IPC
[1,35]<stdout>:ip-172-31-32-189:54012:54012 [3] NCCL INFO Ring 01 : 35[190] -> 32[160] via P2P/IPC
[1,48]<stdout>:ip-172-31-43-235:53056:53056 [0] NCCL INFO Ring 01 : 48[160] -> 52[1a0] via P2P/IPC
[1,16]<stdout>:ip-172-31-37-47:52751:52751 [0] NCCL INFO Ring 01 : 16[160] -> 20[1a0] via P2P/IPC
[1,0]<stdout>:ip-172-31-36-36:93124:93124 [0] NCCL INFO Ring 02 : 0[160] -> 3[190] via P2P/IPC
[1,5]<stdout>:ip-172-31-36-36:93128:93128 [5] NCCL INFO Ring 02 : 5[1b0] -> 1[170] via P2P/IPC
[1,59]<stdout>:ip-172-31-33-2:52645:52645 [3] NCCL INFO Ring 01 : 59[190] -> 58[180] via P2P/IPC
[1,12]<stdout>:ip-172-31-37-201:60611:60611 [4] NCCL INFO Ring 01 : 12[1a0] -> 8[160] via P2P/IPC
[1,60]<stdout>:ip-172-31-33-2:52639:52639 [4] NCCL INFO Ring 01 : 60[1a0] -> 56[160] via P2P/IPC
[1,28]<stdout>:ip-172-31-40-91:48671:48671 [4] NCCL INFO Ring 01 : 28[1a0] -> 24[160] via P2P/IPC
[1,27]<stdout>:ip-172-31-40-91:48668:48668 [3] NCCL INFO Ring 01 : 27[190] -> 26[180] via P2P/IPC
[1,44]<stdout>:ip-172-31-44-28:52589:52589 [4] NCCL INFO Ring 01 : 44[1a0] -> 40[160] via P2P/IPC
[1,11]<stdout>:ip-172-31-37-201:60615:60615 [3] NCCL INFO Ring 01 : 11[190] -> 10[180] via P2P/IPC
[1,24]<stdout>:ip-172-31-40-91:48666:48666 [0] NCCL INFO Ring 01 : 24[160] -> 27[190] via P2P/IPC
[1,8]<stdout>:ip-172-31-37-201:60613:60613 [0] NCCL INFO Ring 01 : 8[160] -> 11[190] via P2P/IPC
[1,51]<stdout>:ip-172-31-43-235:53062:53062 [3] NCCL INFO Ring 01 : 51[190] -> 50[180] via P2P/IPC
[1,43]<stdout>:ip-172-31-44-28:52587:52587 [3] NCCL INFO Ring 01 : 43[190] -> 42[180] via P2P/IPC
[1,40]<stdout>:ip-172-31-44-28:52590:52590 [0] NCCL INFO Ring 01 : 40[160] -> 43[190] via P2P/IPC
[1,19]<stdout>:ip-172-31-37-47:52749:52749 [3] NCCL INFO Ring 01 : 19[190] -> 18[180] via P2P/IPC
[1,32]<stdout>:ip-172-31-32-189:54015:54015 [0] NCCL INFO Ring 01 : 32[160] -> 35[190] via P2P/IPC
[1,52]<stdout>:ip-172-31-43-235:53060:53060 [4] NCCL INFO Ring 01 : 52[1a0] -> 48[160] via P2P/IPC
[1,56]<stdout>:ip-172-31-33-2:52640:52640 [0] NCCL INFO Ring 01 : 56[160] -> 59[190] via P2P/IPC
[1,20]<stdout>:ip-172-31-37-47:52745:52745 [4] NCCL INFO Ring 01 : 20[1a0] -> 16[160] via P2P/IPC
[1,35]<stdout>:ip-172-31-32-189:54012:54012 [3] NCCL INFO Ring 01 : 35[190] -> 34[180] via P2P/IPC
[1,50]<stdout>:ip-172-31-43-235:53059:53059 [2] NCCL INFO Ring 01 : 41[170] -> 50[180] [receive] via NET/AWS Libfabric/1
[1,48]<stdout>:ip-172-31-43-235:53056:53056 [0] NCCL INFO Ring 01 : 48[160] -> 51[190] via P2P/IPC
[1,18]<stdout>:ip-172-31-37-47:52750:52750 [2] NCCL INFO Ring 01 : 9[170] -> 18[180] [receive] via NET/AWS Libfabric/1
[1,16]<stdout>:ip-172-31-37-47:52751:52751 [0] NCCL INFO Ring 01 : 16[160] -> 19[190] via P2P/IPC
[1,31]<stdout>:ip-172-31-40-91:48667:48667 [7] NCCL INFO Ring 02 : 31[1d0] -> 28[1a0] via P2P/IPC
[1,63]<stdout>:ip-172-31-33-2:52644:52644 [7] NCCL INFO Ring 02 : 63[1d0] -> 60[1a0] via P2P/IPC
[1,15]<stdout>:ip-172-31-37-201:60616:60616 [7] NCCL INFO Ring 02 : 15[1d0] -> 12[1a0] via P2P/IPC
[1,36]<stdout>:ip-172-31-32-189:54010:54010 [4] NCCL INFO Ring 02 : 36[1a0] -> 32[160] via P2P/IPC
[1,59]<stdout>:ip-172-31-33-2:52645:52645 [3] NCCL INFO Ring 02 : 59[190] -> 63[1d0] via P2P/IPC
[1,34]<stdout>:ip-172-31-32-189:54009:54009 [2] NCCL INFO Ring 01 : 17[170] -> 34[180] [receive] via NET/AWS Libfabric/1
[1,47]<stdout>:ip-172-31-44-28:52593:52593 [7] NCCL INFO Ring 02 : 47[1d0] -> 44[1a0] via P2P/IPC
[1,55]<stdout>:ip-172-31-43-235:53058:53058 [7] NCCL INFO Ring 02 : 55[1d0] -> 52[1a0] via P2P/IPC
[1,28]<stdout>:ip-172-31-40-91:48671:48671 [4] NCCL INFO Ring 02 : 28[1a0] -> 24[160] via P2P/IPC
[1,60]<stdout>:ip-172-31-33-2:52639:52639 [4] NCCL INFO Ring 02 : 60[1a0] -> 56[160] via P2P/IPC
[1,32]<stdout>:ip-172-31-32-189:54015:54015 [0] NCCL INFO Ring 02 : 32[160] -> 33[170] via P2P/IPC
[1,58]<stdout>:ip-172-31-33-2:52642:52642 [2] NCCL INFO Ring 02 : 54[1c0] -> 58[180] [receive] via NET/AWS Libfabric/2
[1,44]<stdout>:ip-172-31-44-28:52589:52589 [4] NCCL INFO Ring 02 : 44[1a0] -> 40[160] via P2P/IPC
[1,24]<stdout>:ip-172-31-40-91:48666:48666 [0] NCCL INFO Ring 02 : 24[160] -> 25[170] via P2P/IPC
[1,23]<stdout>:ip-172-31-37-47:52752:52752 [7] NCCL INFO Ring 02 : 23[1d0] -> 20[1a0] via P2P/IPC
[1,27]<stdout>:ip-172-31-40-91:48668:48668 [3] NCCL INFO Ring 02 : 27[190] -> 31[1d0] via P2P/IPC
[1,12]<stdout>:ip-172-31-37-201:60611:60611 [4] NCCL INFO Ring 02 : 12[1a0] -> 8[160] via P2P/IPC
[1,51]<stdout>:ip-172-31-43-235:53062:53062 [3] NCCL INFO Ring 02 : 51[190] -> 55[1d0] via P2P/IPC
[1,56]<stdout>:ip-172-31-33-2:52640:52640 [0] NCCL INFO Ring 02 : 56[160] -> 57[170] via P2P/IPC
[1,35]<stdout>:ip-172-31-32-189:54012:54012 [3] NCCL INFO Ring 02 : 35[190] -> 39[1d0] via P2P/IPC
[1,26]<stdout>:ip-172-31-40-91:48669:48669 [2] NCCL INFO Ring 02 : 22[1c0] -> 26[180] [receive] via NET/AWS Libfabric/2
[1,8]<stdout>:ip-172-31-37-201:60613:60613 [0] NCCL INFO Ring 02 : 8[160] -> 9[170] via P2P/IPC
[1,11]<stdout>:ip-172-31-37-201:60615:60615 [3] NCCL INFO Ring 02 : 11[190] -> 15[1d0] via P2P/IPC
[1,19]<stdout>:ip-172-31-37-47:52749:52749 [3] NCCL INFO Ring 02 : 19[190] -> 23[1d0] via P2P/IPC
[1,40]<stdout>:ip-172-31-44-28:52590:52590 [0] NCCL INFO Ring 02 : 40[160] -> 41[170] via P2P/IPC
[1,20]<stdout>:ip-172-31-37-47:52745:52745 [4] NCCL INFO Ring 02 : 20[1a0] -> 16[160] via P2P/IPC
[1,52]<stdout>:ip-172-31-43-235:53060:53060 [4] NCCL INFO Ring 02 : 52[1a0] -> 48[160] via P2P/IPC
[1,43]<stdout>:ip-172-31-44-28:52587:52587 [3] NCCL INFO Ring 02 : 43[190] -> 47[1d0] via P2P/IPC
[1,48]<stdout>:ip-172-31-43-235:53056:53056 [0] NCCL INFO Ring 02 : 48[160] -> 49[170] via P2P/IPC
[1,10]<stdout>:ip-172-31-37-201:60612:60612 [2] NCCL INFO Ring 02 : 6[1c0] -> 10[180] [receive] via NET/AWS Libfabric/2
[1,42]<stdout>:ip-172-31-44-28:52588:52588 [2] NCCL INFO Ring 02 : 38[1c0] -> 42[180] [receive] via NET/AWS Libfabric/2
[1,16]<stdout>:ip-172-31-37-47:52751:52751 [0] NCCL INFO Ring 02 : 16[160] -> 17[170] via P2P/IPC
[1,36]<stdout>:ip-172-31-32-189:54010:54010 [4] NCCL INFO Ring 02 : 36[1a0] -> 7[1d0] [send] via NET/AWS Libfabric/2
[1,2]<stdout>:ip-172-31-36-36:93127:93127 [2] NCCL INFO Ring 01 : 2[180] -> 33[170] [send] via NET/AWS Libfabric/1
[1,60]<stdout>:ip-172-31-33-2:52639:52639 [4] NCCL INFO Ring 02 : 60[1a0] -> 55[1d0] [send] via NET/AWS Libfabric/2
[1,28]<stdout>:ip-172-31-40-91:48671:48671 [4] NCCL INFO Ring 02 : 28[1a0] -> 23[1d0] [send] via NET/AWS Libfabric/2
[1,39]<stdout>:ip-172-31-32-189:54011:54011 [7] NCCL INFO Ring 02 : 20[1a0] -> 39[1d0] [receive] via NET/AWS Libfabric/2
[1,44]<stdout>:ip-172-31-44-28:52589:52589 [4] NCCL INFO Ring 02 : 44[1a0] -> 55[1d0] [send] via NET/AWS Libfabric/2
[1,55]<stdout>:ip-172-31-43-235:53058:53058 [7] NCCL INFO Ring 02 : 44[1a0] -> 55[1d0] [receive] via NET/AWS Libfabric/2
[1,12]<stdout>:ip-172-31-37-201:60611:60611 [4] NCCL INFO Ring 02 : 12[1a0] -> 23[1d0] [send] via NET/AWS Libfabric/2
[1,20]<stdout>:ip-172-31-37-47:52745:52745 [4] NCCL INFO Ring 02 : 20[1a0] -> 39[1d0] [send] via NET/AWS Libfabric/2
[1,23]<stdout>:ip-172-31-37-47:52752:52752 [7] NCCL INFO Ring 02 : 12[1a0] -> 23[1d0] [receive] via NET/AWS Libfabric/2
[1,52]<stdout>:ip-172-31-43-235:53060:53060 [4] NCCL INFO Ring 02 : 52[1a0] -> 39[1d0] [send] via NET/AWS Libfabric/2
[1,58]<stdout>:ip-172-31-33-2:52642:52642 [2] NCCL INFO Ring 02 : 58[180] -> 59[190] via P2P/IPC
[1,59]<stdout>:ip-172-31-33-2:52645:52645 [3] NCCL INFO Ring 02 : 59[190] -> 58[180] via P2P/IPC
[1,50]<stdout>:ip-172-31-43-235:53059:53059 [2] NCCL INFO Ring 01 : 57[170] -> 50[180] [receive] via NET/AWS Libfabric/1
[1,50]<stdout>:ip-172-31-43-235:53059:53059 [2] NCCL INFO Ring 01 : 50[180] -> 49[170] via P2P/IPC
[1,10]<stdout>:ip-172-31-37-201:60612:60612 [2] NCCL INFO Ring 02 : 10[180] -> 11[190] via P2P/IPC
[1,42]<stdout>:ip-172-31-44-28:52588:52588 [2] NCCL INFO Ring 02 : 42[180] -> 43[190] via P2P/IPC
[1,41]<stdout>:ip-172-31-44-28:52586:52586 [1] NCCL INFO Ring 01 : 50[180] -> 41[170] [receive] via NET/AWS Libfabric/1
[1,11]<stdout>:ip-172-31-37-201:60615:60615 [3] NCCL INFO Ring 02 : 11[190] -> 10[180] via P2P/IPC
[1,43]<stdout>:ip-172-31-44-28:52587:52587 [3] NCCL INFO Ring 02 : 43[190] -> 42[180] via P2P/IPC
[1,18]<stdout>:ip-172-31-37-47:52750:52750 [2] NCCL INFO Ring 01 : 25[170] -> 18[180] [receive] via NET/AWS Libfabric/1
[1,26]<stdout>:ip-172-31-40-91:48669:48669 [2] NCCL INFO Ring 02 : 26[180] -> 27[190] via P2P/IPC
[1,18]<stdout>:ip-172-31-37-47:52750:52750 [2] NCCL INFO Ring 01 : 18[180] -> 17[170] via P2P/IPC
[1,27]<stdout>:ip-172-31-40-91:48668:48668 [3] NCCL INFO Ring 02 : 27[190] -> 26[180] via P2P/IPC
